myenv\Scripts\python.exe 
: INFO:httpx:HTTP 
Request: HEAD https://hugg
ingface.co/ProsusAI/finber
t/resolve/main/config.json
 "HTTP/1.1 307 Temporary 
Redirect"
At line:1 char:1
+ 
myenv\Scripts\python.exe 
test_routes.py 2>&1 | 
Out-File -Encoding utf ...
+ ~~~~~~~~~~~~~~~~~~~~~~~~
~~~~~~~~~~~~~~~~~~~~
    + CategoryInfo        
      : NotSpecified: (I  
  NFO:httpx:HTTP...orar   
 y Redirect":String) [    
], RemoteException
    + FullyQualifiedError 
   Id : NativeCommandErr  
  or
 
INFO:httpx:HTTP Request: 
HEAD https://huggingface.c
o/api/resolve-cache/models
/ProsusAI/finbert/4556d130
15211d73dccd3fdd39d3923250
6f3e43/config.json 
"HTTP/1.1 200 OK"
INFO:httpx:HTTP Request: 
HEAD https://huggingface.c
o/ProsusAI/finbert/resolve
/main/model.safetensors 
"HTTP/1.1 404 Not Found"
INFO:httpx:HTTP Request: 
GET https://huggingface.co
/api/models/ProsusAI/finbe
rt "HTTP/1.1 200 OK"
=== Route Registration ===
  /openapi.json [{'HEAD', 'GET'}] -> openapi
  /docs [{'HEAD', 'GET'}] -> swagger_ui_html
  /docs/oauth2-redirect [{'HEAD', 'GET'}] -> swagger_ui_redirect
  /redoc [{'HEAD', 'GET'}] -> redoc_html
  /static [mount] -> static
  / [{'GET'}] -> dashboard
  /api/settings [{'GET'}] -> get_settings
  /api/score [{'GET'}] -> get_score
  /api/history [{'GET'}] -> get_history
  /api/analyze [{'POST'}] -> trigger_analysis

=== Endpoint Tests ===

Loading weights:   0%|    
      | 0/201 [00:00<?, 
?it/s]
Loading weights:   0%|    
      | 1/201 [00:00<?, 
?it/s, Materializing param
=bert.embeddings.LayerNorm
.bias]
Loading weights:   0%|    
      | 1/201 [00:00<?, 
?it/s, Materializing param
=bert.embeddings.LayerNorm
.bias]
Loading weights:   1%|    
      | 2/201 [00:00<?, 
?it/s, Materializing param
=bert.embeddings.LayerNorm
.weight]
Loading weights:   1%|    
      | 2/201 [00:00<?, 
?it/s, Materializing param
=bert.embeddings.LayerNorm
.weight]
Loading weights:   1%|1   
      | 3/201 [00:00<?, 
?it/s, Materializing param
=bert.embeddings.position_
embeddings.weight]
Loading weights:   1%|1   
      | 3/201 [00:00<?, 
?it/s, Materializing param
=bert.embeddings.position_
embeddings.weight]
Loading weights:   2%|1   
      | 4/201 [00:00<?, 
?it/s, Materializing param
=bert.embeddings.token_typ
e_embeddings.weight]
Loading weights:   2%|1   
      | 4/201 
[00:00<00:00, 
3920.83it/s, 
Materializing param=bert.e
mbeddings.token_type_embed
dings.weight]
Loading weights:   2%|2   
      | 5/201 
[00:00<00:00, 
4901.03it/s, 
Materializing param=bert.e
mbeddings.word_embeddings.
weight]      
Loading weights:   2%|2   
      | 5/201 
[00:00<00:00, 
4901.03it/s, 
Materializing param=bert.e
mbeddings.word_embeddings.
weight]
Loading weights:   3%|2   
      | 6/201 
[00:00<00:00, 
5881.24it/s, 
Materializing param=bert.e
ncoder.layer.0.attention.o
utput.LayerNorm.bias]
Loading weights:   3%|2   
      | 6/201 
[00:00<00:00, 
3886.61it/s, 
Materializing param=bert.e
ncoder.layer.0.attention.o
utput.LayerNorm.bias]
Loading weights:   3%|3   
      | 7/201 
[00:00<00:00, 
4534.38it/s, 
Materializing param=bert.e
ncoder.layer.0.attention.o
utput.LayerNorm.weight]
Loading weights:   3%|3   
      | 7/201 
[00:00<00:00, 
4534.38it/s, 
Materializing param=bert.e
ncoder.layer.0.attention.o
utput.LayerNorm.weight]
Loading weights:   4%|3   
      | 8/201 
[00:00<00:00, 
5182.15it/s, 
Materializing param=bert.e
ncoder.layer.0.attention.o
utput.dense.bias]      
Loading weights:   4%|3   
      | 8/201 
[00:00<00:00, 
3806.52it/s, 
Materializing param=bert.e
ncoder.layer.0.attention.o
utput.dense.bias]
Loading weights:   4%|4   
      | 9/201 
[00:00<00:00, 
4282.33it/s, 
Materializing param=bert.e
ncoder.layer.0.attention.o
utput.dense.weight]
Loading weights:   4%|4   
      | 9/201 
[00:00<00:00, 
4282.33it/s, 
Materializing param=bert.e
ncoder.layer.0.attention.o
utput.dense.weight]
Loading weights:   5%|4   
      | 10/201 
[00:00<00:00, 
4758.14it/s, 
Materializing param=bert.e
ncoder.layer.0.attention.s
elf.key.bias]     
Loading weights:   5%|4   
      | 10/201 
[00:00<00:00, 
4758.14it/s, 
Materializing param=bert.e
ncoder.layer.0.attention.s
elf.key.bias]
Loading weights:   5%|5   
      | 11/201 
[00:00<00:00, 
5233.96it/s, 
Materializing param=bert.e
ncoder.layer.0.attention.s
elf.key.weight]
Loading weights:   5%|5   
      | 11/201 
[00:00<00:00, 
5233.96it/s, 
Materializing param=bert.e
ncoder.layer.0.attention.s
elf.key.weight]
Loading weights:   6%|5   
      | 12/201 
[00:00<00:00, 
5709.77it/s, 
Materializing param=bert.e
ncoder.layer.0.attention.s
elf.query.bias]
Loading weights:   6%|5   
      | 12/201 
[00:00<00:00, 
5709.77it/s, 
Materializing param=bert.e
ncoder.layer.0.attention.s
elf.query.bias]
Loading weights:   6%|6   
      | 13/201 
[00:00<00:00, 
4157.53it/s, 
Materializing param=bert.e
ncoder.layer.0.attention.s
elf.query.weight]
Loading weights:   6%|6   
      | 13/201 
[00:00<00:00, 
4157.53it/s, 
Materializing param=bert.e
ncoder.layer.0.attention.s
elf.query.weight]
Loading weights:   7%|6   
      | 14/201 
[00:00<00:00, 
4477.34it/s, 
Materializing param=bert.e
ncoder.layer.0.attention.s
elf.value.bias]  
Loading weights:   7%|6   
      | 14/201 
[00:00<00:00, 
3722.13it/s, 
Materializing param=bert.e
ncoder.layer.0.attention.s
elf.value.bias]
Loading weights:   7%|7   
      | 15/201 
[00:00<00:00, 
3987.99it/s, 
Materializing param=bert.e
ncoder.layer.0.attention.s
elf.value.weight]
Loading weights:   7%|7   
      | 15/201 
[00:00<00:00, 
3987.99it/s, 
Materializing param=bert.e
ncoder.layer.0.attention.s
elf.value.weight]
Loading weights:   8%|7   
      | 16/201 
[00:00<00:00, 
3700.31it/s, 
Materializing param=bert.e
ncoder.layer.0.intermediat
e.dense.bias]    
Loading weights:   8%|7   
      | 16/201 
[00:00<00:00, 
3700.31it/s, 
Materializing param=bert.e
ncoder.layer.0.intermediat
e.dense.bias]
Loading weights:   8%|8   
      | 17/201 
[00:00<00:00, 
3931.58it/s, 
Materializing param=bert.e
ncoder.layer.0.intermediat
e.dense.weight]
Loading weights:   8%|8   
      | 17/201 
[00:00<00:00, 
3931.58it/s, 
Materializing param=bert.e
ncoder.layer.0.intermediat
e.dense.weight]
Loading weights:   9%|8   
      | 18/201 
[00:00<00:00, 
4162.85it/s, 
Materializing param=bert.e
ncoder.layer.0.output.Laye
rNorm.bias]    
Loading weights:   9%|8   
      | 18/201 
[00:00<00:00, 
4162.85it/s, 
Materializing param=bert.e
ncoder.layer.0.output.Laye
rNorm.bias]
Loading weights:   9%|9   
      | 19/201 
[00:00<00:00, 
4394.12it/s, 
Materializing param=bert.e
ncoder.layer.0.output.Laye
rNorm.weight]
Loading weights:   9%|9   
      | 19/201 
[00:00<00:00, 
4394.12it/s, 
Materializing param=bert.e
ncoder.layer.0.output.Laye
rNorm.weight]
Loading weights:  10%|9   
      | 20/201 
[00:00<00:00, 
4625.39it/s, 
Materializing param=bert.e
ncoder.layer.0.output.dens
e.bias]      
Loading weights:  10%|9   
      | 20/201 
[00:00<00:00, 
3743.08it/s, 
Materializing param=bert.e
ncoder.layer.0.output.dens
e.bias]
Loading weights:  10%|#   
      | 21/201 
[00:00<00:00, 
3930.23it/s, 
Materializing param=bert.e
ncoder.layer.0.output.dens
e.weight]
Loading weights:  10%|#   
      | 21/201 
[00:00<00:00, 
3930.23it/s, 
Materializing param=bert.e
ncoder.layer.0.output.dens
e.weight]
Loading weights:  11%|#   
      | 22/201 
[00:00<00:00, 
3751.61it/s, 
Materializing param=bert.e
ncoder.layer.1.attention.o
utput.LayerNorm.bias]
Loading weights:  11%|#   
      | 22/201 
[00:00<00:00, 
3751.61it/s, 
Materializing param=bert.e
ncoder.layer.1.attention.o
utput.LayerNorm.bias]
Loading weights:  11%|#1  
      | 23/201 
[00:00<00:00, 
3922.14it/s, 
Materializing param=bert.e
ncoder.layer.1.attention.o
utput.LayerNorm.weight]
Loading weights:  11%|#1  
      | 23/201 
[00:00<00:00, 
3602.82it/s, 
Materializing param=bert.e
ncoder.layer.1.attention.o
utput.LayerNorm.weight]
Loading weights:  12%|#1  
      | 24/201 
[00:00<00:00, 
3759.46it/s, 
Materializing param=bert.e
ncoder.layer.1.attention.o
utput.dense.bias]      
Loading weights:  12%|#1  
      | 24/201 
[00:00<00:00, 
3759.46it/s, 
Materializing param=bert.e
ncoder.layer.1.attention.o
utput.dense.bias]
Loading weights:  12%|#2  
      | 25/201 
[00:00<00:00, 
3916.10it/s, 
Materializing param=bert.e
ncoder.layer.1.attention.o
utput.dense.weight]
Loading weights:  12%|#2  
      | 25/201 
[00:00<00:00, 
3569.74it/s, 
Materializing param=bert.e
ncoder.layer.1.attention.o
utput.dense.weight]
Loading weights:  13%|#2  
      | 26/201 
[00:00<00:00, 
3712.53it/s, 
Materializing param=bert.e
ncoder.layer.1.attention.s
elf.key.bias]      
Loading weights:  13%|#2  
      | 26/201 
[00:00<00:00, 
3712.53it/s, 
Materializing param=bert.e
ncoder.layer.1.attention.s
elf.key.bias]
Loading weights:  13%|#3  
      | 27/201 
[00:00<00:00, 
3587.37it/s, 
Materializing param=bert.e
ncoder.layer.1.attention.s
elf.key.weight]
Loading weights:  13%|#3  
      | 27/201 
[00:00<00:00, 
3587.37it/s, 
Materializing param=bert.e
ncoder.layer.1.attention.s
elf.key.weight]
Loading weights:  14%|#3  
      | 28/201 
[00:00<00:00, 
3720.24it/s, 
Materializing param=bert.e
ncoder.layer.1.attention.s
elf.query.bias]
Loading weights:  14%|#3  
      | 28/201 
[00:00<00:00, 
3720.24it/s, 
Materializing param=bert.e
ncoder.layer.1.attention.s
elf.query.bias]
Loading weights:  14%|#4  
      | 29/201 
[00:00<00:00, 
3603.67it/s, 
Materializing param=bert.e
ncoder.layer.1.attention.s
elf.query.weight]
Loading weights:  14%|#4  
      | 29/201 
[00:00<00:00, 
3603.67it/s, 
Materializing param=bert.e
ncoder.layer.1.attention.s
elf.query.weight]
Loading weights:  15%|#4  
      | 30/201 
[00:00<00:00, 
3727.94it/s, 
Materializing param=bert.e
ncoder.layer.1.attention.s
elf.value.bias]  
Loading weights:  15%|#4  
      | 30/201 
[00:00<00:00, 
3727.94it/s, 
Materializing param=bert.e
ncoder.layer.1.attention.s
elf.value.bias]
Loading weights:  15%|#5  
      | 31/201 
[00:00<00:00, 
3618.80it/s, 
Materializing param=bert.e
ncoder.layer.1.attention.s
elf.value.weight]
Loading weights:  15%|#5  
      | 31/201 
[00:00<00:00, 
3618.80it/s, 
Materializing param=bert.e
ncoder.layer.1.attention.s
elf.value.weight]
Loading weights:  16%|#5  
      | 32/201 
[00:00<00:00, 
3735.53it/s, 
Materializing param=bert.e
ncoder.layer.1.intermediat
e.dense.bias]    
Loading weights:  16%|#5  
      | 32/201 
[00:00<00:00, 
3735.53it/s, 
Materializing param=bert.e
ncoder.layer.1.intermediat
e.dense.bias]
Loading weights:  16%|#6  
      | 33/201 
[00:00<00:00, 
3632.48it/s, 
Materializing param=bert.e
ncoder.layer.1.intermediat
e.dense.weight]
Loading weights:  16%|#6  
      | 33/201 
[00:00<00:00, 
3632.48it/s, 
Materializing param=bert.e
ncoder.layer.1.intermediat
e.dense.weight]
Loading weights:  17%|#6  
      | 34/201 
[00:00<00:00, 
3742.56it/s, 
Materializing param=bert.e
ncoder.layer.1.output.Laye
rNorm.bias]    
Loading weights:  17%|#6  
      | 34/201 
[00:00<00:00, 
3742.56it/s, 
Materializing param=bert.e
ncoder.layer.1.output.Laye
rNorm.bias]
Loading weights:  17%|#7  
      | 35/201 
[00:00<00:00, 
3852.63it/s, 
Materializing param=bert.e
ncoder.layer.1.output.Laye
rNorm.weight]
Loading weights:  17%|#7  
      | 35/201 
[00:00<00:00, 
3852.63it/s, 
Materializing param=bert.e
ncoder.layer.1.output.Laye
rNorm.weight]
Loading weights:  18%|#7  
      | 36/201 
[00:00<00:00, 
3962.71it/s, 
Materializing param=bert.e
ncoder.layer.1.output.dens
e.bias]      
Loading weights:  18%|#7  
      | 36/201 
[00:00<00:00, 
3962.71it/s, 
Materializing param=bert.e
ncoder.layer.1.output.dens
e.bias]
Loading weights:  18%|#8  
      | 37/201 
[00:00<00:00, 
3661.94it/s, 
Materializing param=bert.e
ncoder.layer.1.output.dens
e.weight]
Loading weights:  18%|#8  
      | 37/201 
[00:00<00:00, 
3661.94it/s, 
Materializing param=bert.e
ncoder.layer.1.output.dens
e.weight]
Loading weights:  19%|#8  
      | 38/201 
[00:00<00:00, 
3760.91it/s, 
Materializing param=bert.e
ncoder.layer.2.attention.o
utput.LayerNorm.bias]
Loading weights:  19%|#8  
      | 38/201 
[00:00<00:00, 
3760.91it/s, 
Materializing param=bert.e
ncoder.layer.2.attention.o
utput.LayerNorm.bias]
Loading weights:  19%|#9  
      | 39/201 
[00:00<00:00, 
3859.88it/s, 
Materializing param=bert.e
ncoder.layer.2.attention.o
utput.LayerNorm.weight]
Loading weights:  19%|#9  
      | 39/201 
[00:00<00:00, 
3859.88it/s, 
Materializing param=bert.e
ncoder.layer.2.attention.o
utput.LayerNorm.weight]
Loading weights:  20%|#9  
      | 40/201 
[00:00<00:00, 
3958.85it/s, 
Materializing param=bert.e
ncoder.layer.2.attention.o
utput.dense.bias]      
Loading weights:  20%|#9  
      | 40/201 
[00:00<00:00, 
3958.85it/s, 
Materializing param=bert.e
ncoder.layer.2.attention.o
utput.dense.bias]
Loading weights:  20%|##  
      | 41/201 
[00:00<00:00, 
4057.82it/s, 
Materializing param=bert.e
ncoder.layer.2.attention.o
utput.dense.weight]
Loading weights:  20%|##  
      | 41/201 
[00:00<00:00, 
4057.82it/s, 
Materializing param=bert.e
ncoder.layer.2.attention.o
utput.dense.weight]
Loading weights:  21%|##  
      | 42/201 
[00:00<00:00, 
4156.79it/s, 
Materializing param=bert.e
ncoder.layer.2.attention.s
elf.key.bias]      
Loading weights:  21%|##  
      | 42/201 
[00:00<00:00, 
3613.04it/s, 
Materializing param=bert.e
ncoder.layer.2.attention.s
elf.key.bias]
Loading weights:  21%|##1 
      | 43/201 
[00:00<00:00, 
3699.06it/s, 
Materializing param=bert.e
ncoder.layer.2.attention.s
elf.key.weight]
Loading weights:  21%|##1 
      | 43/201 
[00:00<00:00, 
3699.06it/s, 
Materializing param=bert.e
ncoder.layer.2.attention.s
elf.key.weight]
Loading weights:  22%|##1 
      | 44/201 
[00:00<00:00, 
3785.08it/s, 
Materializing param=bert.e
ncoder.layer.2.attention.s
elf.query.bias]
Loading weights:  22%|##1 
      | 44/201 
[00:00<00:00, 
3622.45it/s, 
Materializing param=bert.e
ncoder.layer.2.attention.s
elf.query.bias]
Loading weights:  22%|##2 
      | 45/201 
[00:00<00:00, 
3704.78it/s, 
Materializing param=bert.e
ncoder.layer.2.attention.s
elf.query.weight]
Loading weights:  22%|##2 
      | 45/201 
[00:00<00:00, 
3704.78it/s, 
Materializing param=bert.e
ncoder.layer.2.attention.s
elf.query.weight]
Loading weights:  23%|##2 
      | 46/201 
[00:00<00:00, 
3787.11it/s, 
Materializing param=bert.e
ncoder.layer.2.attention.s
elf.value.bias]  
Loading weights:  23%|##2 
      | 46/201 
[00:00<00:00, 
3787.11it/s, 
Materializing param=bert.e
ncoder.layer.2.attention.s
elf.value.bias]
Loading weights:  23%|##3 
      | 47/201 
[00:00<00:00, 
3869.44it/s, 
Materializing param=bert.e
ncoder.layer.2.attention.s
elf.value.weight]
Loading weights:  23%|##3 
      | 47/201 
[00:00<00:00, 
3869.44it/s, 
Materializing param=bert.e
ncoder.layer.2.attention.s
elf.value.weight]
Loading weights:  24%|##3 
      | 48/201 
[00:00<00:00, 
3951.76it/s, 
Materializing param=bert.e
ncoder.layer.2.intermediat
e.dense.bias]    
Loading weights:  24%|##3 
      | 48/201 
[00:00<00:00, 
3644.98it/s, 
Materializing param=bert.e
ncoder.layer.2.intermediat
e.dense.bias]
Loading weights:  24%|##4 
      | 49/201 
[00:00<00:00, 
3542.00it/s, 
Materializing param=bert.e
ncoder.layer.2.intermediat
e.dense.weight]
Loading weights:  24%|##4 
      | 49/201 
[00:00<00:00, 
3542.00it/s, 
Materializing param=bert.e
ncoder.layer.2.intermediat
e.dense.weight]
Loading weights:  25%|##4 
      | 50/201 
[00:00<00:00, 
3614.28it/s, 
Materializing param=bert.e
ncoder.layer.2.output.Laye
rNorm.bias]    
Loading weights:  25%|##4 
      | 50/201 
[00:00<00:00, 
3614.28it/s, 
Materializing param=bert.e
ncoder.layer.2.output.Laye
rNorm.bias]
Loading weights:  25%|##5 
      | 51/201 
[00:00<00:00, 
3423.65it/s, 
Materializing param=bert.e
ncoder.layer.2.output.Laye
rNorm.weight]
Loading weights:  25%|##5 
      | 51/201 
[00:00<00:00, 
3423.65it/s, 
Materializing param=bert.e
ncoder.layer.2.output.Laye
rNorm.weight]
Loading weights:  26%|##5 
      | 52/201 
[00:00<00:00, 
3490.78it/s, 
Materializing param=bert.e
ncoder.layer.2.output.dens
e.bias]      
Loading weights:  26%|##5 
      | 52/201 
[00:00<00:00, 
3490.78it/s, 
Materializing param=bert.e
ncoder.layer.2.output.dens
e.bias]
Loading weights:  26%|##6 
      | 53/201 
[00:00<00:00, 
3557.91it/s, 
Materializing param=bert.e
ncoder.layer.2.output.dens
e.weight]
Loading weights:  26%|##6 
      | 53/201 
[00:00<00:00, 
3557.91it/s, 
Materializing param=bert.e
ncoder.layer.2.output.dens
e.weight]
Loading weights:  27%|##6 
      | 54/201 
[00:00<00:00, 
3391.42it/s, 
Materializing param=bert.e
ncoder.layer.3.attention.o
utput.LayerNorm.bias]
Loading weights:  27%|##6 
      | 54/201 
[00:00<00:00, 
3391.42it/s, 
Materializing param=bert.e
ncoder.layer.3.attention.o
utput.LayerNorm.bias]
Loading weights:  27%|##7 
      | 55/201 
[00:00<00:00, 
3454.22it/s, 
Materializing param=bert.e
ncoder.layer.3.attention.o
utput.LayerNorm.weight]
Loading weights:  27%|##7 
      | 55/201 
[00:00<00:00, 
3343.92it/s, 
Materializing param=bert.e
ncoder.layer.3.attention.o
utput.LayerNorm.weight]
Loading weights:  28%|##7 
      | 56/201 
[00:00<00:00, 
3404.71it/s, 
Materializing param=bert.e
ncoder.layer.3.attention.o
utput.dense.bias]      
Loading weights:  28%|##7 
      | 56/201 
[00:00<00:00, 
3404.71it/s, 
Materializing param=bert.e
ncoder.layer.3.attention.o
utput.dense.bias]
Loading weights:  28%|##8 
      | 57/201 
[00:00<00:00, 
3465.51it/s, 
Materializing param=bert.e
ncoder.layer.3.attention.o
utput.dense.weight]
Loading weights:  28%|##8 
      | 57/201 
[00:00<00:00, 
3465.51it/s, 
Materializing param=bert.e
ncoder.layer.3.attention.o
utput.dense.weight]
Loading weights:  29%|##8 
      | 58/201 
[00:00<00:00, 
3526.31it/s, 
Materializing param=bert.e
ncoder.layer.3.attention.s
elf.key.bias]      
Loading weights:  29%|##8 
      | 58/201 
[00:00<00:00, 
3318.96it/s, 
Materializing param=bert.e
ncoder.layer.3.attention.s
elf.key.bias]
Loading weights:  29%|##9 
      | 59/201 
[00:00<00:00, 
3376.18it/s, 
Materializing param=bert.e
ncoder.layer.3.attention.s
elf.key.weight]
Loading weights:  29%|##9 
      | 59/201 
[00:00<00:00, 
3376.18it/s, 
Materializing param=bert.e
ncoder.layer.3.attention.s
elf.key.weight]
Loading weights:  30%|##9 
      | 60/201 
[00:00<00:00, 
3345.72it/s, 
Materializing param=bert.e
ncoder.layer.3.attention.s
elf.query.bias]
Loading weights:  30%|##9 
      | 60/201 
[00:00<00:00, 
3345.72it/s, 
Materializing param=bert.e
ncoder.layer.3.attention.s
elf.query.bias]
Loading weights:  30%|### 
      | 61/201 
[00:00<00:00, 
3401.48it/s, 
Materializing param=bert.e
ncoder.layer.3.attention.s
elf.query.weight]
Loading weights:  30%|### 
      | 61/201 
[00:00<00:00, 
3401.48it/s, 
Materializing param=bert.e
ncoder.layer.3.attention.s
elf.query.weight]
Loading weights:  31%|### 
      | 62/201 
[00:00<00:00, 
3361.69it/s, 
Materializing param=bert.e
ncoder.layer.3.attention.s
elf.value.bias]  
Loading weights:  31%|### 
      | 62/201 
[00:00<00:00, 
3361.69it/s, 
Materializing param=bert.e
ncoder.layer.3.attention.s
elf.value.bias]
Loading weights:  
31%|###1      | 63/201 
[00:00<00:00, 
3415.91it/s, 
Materializing param=bert.e
ncoder.layer.3.attention.s
elf.value.weight]
Loading weights:  
31%|###1      | 63/201 
[00:00<00:00, 
3322.24it/s, 
Materializing param=bert.e
ncoder.layer.3.attention.s
elf.value.weight]
Loading weights:  
32%|###1      | 64/201 
[00:00<00:00, 
3374.98it/s, 
Materializing param=bert.e
ncoder.layer.3.intermediat
e.dense.bias]    
Loading weights:  
32%|###1      | 64/201 
[00:00<00:00, 
3374.98it/s, 
Materializing param=bert.e
ncoder.layer.3.intermediat
e.dense.bias]
Loading weights:  
32%|###2      | 65/201 
[00:00<00:00, 
3336.31it/s, 
Materializing param=bert.e
ncoder.layer.3.intermediat
e.dense.weight]
Loading weights:  
32%|###2      | 65/201 
[00:00<00:00, 
3336.31it/s, 
Materializing param=bert.e
ncoder.layer.3.intermediat
e.dense.weight]
Loading weights:  
33%|###2      | 66/201 
[00:00<00:00, 
3387.64it/s, 
Materializing param=bert.e
ncoder.layer.3.output.Laye
rNorm.bias]    
Loading weights:  
33%|###2      | 66/201 
[00:00<00:00, 
3387.64it/s, 
Materializing param=bert.e
ncoder.layer.3.output.Laye
rNorm.bias]
Loading weights:  
33%|###3      | 67/201 
[00:00<00:00, 
3350.00it/s, 
Materializing param=bert.e
ncoder.layer.3.output.Laye
rNorm.weight]
Loading weights:  
33%|###3      | 67/201 
[00:00<00:00, 
3350.00it/s, 
Materializing param=bert.e
ncoder.layer.3.output.Laye
rNorm.weight]
Loading weights:  
34%|###3      | 68/201 
[00:00<00:00, 
3400.00it/s, 
Materializing param=bert.e
ncoder.layer.3.output.dens
e.bias]      
Loading weights:  
34%|###3      | 68/201 
[00:00<00:00, 
3400.00it/s, 
Materializing param=bert.e
ncoder.layer.3.output.dens
e.bias]
Loading weights:  
34%|###4      | 69/201 
[00:00<00:00, 
3450.00it/s, 
Materializing param=bert.e
ncoder.layer.3.output.dens
e.weight]
Loading weights:  
34%|###4      | 69/201 
[00:00<00:00, 
3450.00it/s, 
Materializing param=bert.e
ncoder.layer.3.output.dens
e.weight]
Loading weights:  
35%|###4      | 70/201 
[00:00<00:00, 
3500.00it/s, 
Materializing param=bert.e
ncoder.layer.4.attention.o
utput.LayerNorm.bias]
Loading weights:  
35%|###4      | 70/201 
[00:00<00:00, 
3328.70it/s, 
Materializing param=bert.e
ncoder.layer.4.attention.o
utput.LayerNorm.bias]
Loading weights:  
35%|###5      | 71/201 
[00:00<00:00, 
2050.96it/s, 
Materializing param=bert.e
ncoder.layer.4.attention.o
utput.LayerNorm.weight]
Loading weights:  
35%|###5      | 71/201 
[00:00<00:00, 
2050.96it/s, 
Materializing param=bert.e
ncoder.layer.4.attention.o
utput.LayerNorm.weight]
Loading weights:  
36%|###5      | 72/201 
[00:00<00:00, 
2079.85it/s, 
Materializing param=bert.e
ncoder.layer.4.attention.o
utput.dense.bias]      
Loading weights:  
36%|###5      | 72/201 
[00:00<00:00, 
2079.85it/s, 
Materializing param=bert.e
ncoder.layer.4.attention.o
utput.dense.bias]
Loading weights:  
36%|###6      | 73/201 
[00:00<00:00, 
2108.74it/s, 
Materializing param=bert.e
ncoder.layer.4.attention.o
utput.dense.weight]
Loading weights:  
36%|###6      | 73/201 
[00:00<00:00, 
2047.34it/s, 
Materializing param=bert.e
ncoder.layer.4.attention.o
utput.dense.weight]
Loading weights:  
37%|###6      | 74/201 
[00:00<00:00, 
2075.39it/s, 
Materializing param=bert.e
ncoder.layer.4.attention.s
elf.key.bias]      
Loading weights:  
37%|###6      | 74/201 
[00:00<00:00, 
2075.39it/s, 
Materializing param=bert.e
ncoder.layer.4.attention.s
elf.key.bias]
Loading weights:  
37%|###7      | 75/201 
[00:00<00:00, 
2103.43it/s, 
Materializing param=bert.e
ncoder.layer.4.attention.s
elf.key.weight]
Loading weights:  
37%|###7      | 75/201 
[00:00<00:00, 
2103.43it/s, 
Materializing param=bert.e
ncoder.layer.4.attention.s
elf.key.weight]
Loading weights:  
38%|###7      | 76/201 
[00:00<00:00, 
2093.06it/s, 
Materializing param=bert.e
ncoder.layer.4.attention.s
elf.query.bias]
Loading weights:  
38%|###7      | 76/201 
[00:00<00:00, 
2093.06it/s, 
Materializing param=bert.e
ncoder.layer.4.attention.s
elf.query.bias]
Loading weights:  
38%|###8      | 77/201 
[00:00<00:00, 
2120.60it/s, 
Materializing param=bert.e
ncoder.layer.4.attention.s
elf.query.weight]
Loading weights:  
38%|###8      | 77/201 
[00:00<00:00, 
2089.99it/s, 
Materializing param=bert.e
ncoder.layer.4.attention.s
elf.query.weight]
Loading weights:  
39%|###8      | 78/201 
[00:00<00:00, 
2117.13it/s, 
Materializing param=bert.e
ncoder.layer.4.attention.s
elf.value.bias]  
Loading weights:  
39%|###8      | 78/201 
[00:00<00:00, 
2117.13it/s, 
Materializing param=bert.e
ncoder.layer.4.attention.s
elf.value.bias]
Loading weights:  
39%|###9      | 79/201 
[00:00<00:00, 
2144.27it/s, 
Materializing param=bert.e
ncoder.layer.4.attention.s
elf.value.weight]
Loading weights:  
39%|###9      | 79/201 
[00:00<00:00, 
2109.06it/s, 
Materializing param=bert.e
ncoder.layer.4.attention.s
elf.value.weight]
Loading weights:  
40%|###9      | 80/201 
[00:00<00:00, 
2135.76it/s, 
Materializing param=bert.e
ncoder.layer.4.intermediat
e.dense.bias]    
Loading weights:  
40%|###9      | 80/201 
[00:00<00:00, 
2135.76it/s, 
Materializing param=bert.e
ncoder.layer.4.intermediat
e.dense.bias]
Loading weights:  
40%|####      | 81/201 
[00:00<00:00, 
2162.45it/s, 
Materializing param=bert.e
ncoder.layer.4.intermediat
e.dense.weight]
Loading weights:  
40%|####      | 81/201 
[00:00<00:00, 
2162.45it/s, 
Materializing param=bert.e
ncoder.layer.4.intermediat
e.dense.weight]
Loading weights:  
41%|####      | 82/201 
[00:00<00:00, 
2189.15it/s, 
Materializing param=bert.e
ncoder.layer.4.output.Laye
rNorm.bias]    
Loading weights:  
41%|####      | 82/201 
[00:00<00:00, 
2189.15it/s, 
Materializing param=bert.e
ncoder.layer.4.output.Laye
rNorm.bias]
Loading weights:  
41%|####1     | 83/201 
[00:00<00:00, 
2215.85it/s, 
Materializing param=bert.e
ncoder.layer.4.output.Laye
rNorm.weight]
Loading weights:  
41%|####1     | 83/201 
[00:00<00:00, 
2156.67it/s, 
Materializing param=bert.e
ncoder.layer.4.output.Laye
rNorm.weight]
Loading weights:  
42%|####1     | 84/201 
[00:00<00:00, 
2182.65it/s, 
Materializing param=bert.e
ncoder.layer.4.output.dens
e.bias]      
Loading weights:  
42%|####1     | 84/201 
[00:00<00:00, 
2182.65it/s, 
Materializing param=bert.e
ncoder.layer.4.output.dens
e.bias]
Loading weights:  
42%|####2     | 85/201 
[00:00<00:00, 
2208.64it/s, 
Materializing param=bert.e
ncoder.layer.4.output.dens
e.weight]
Loading weights:  
42%|####2     | 85/201 
[00:00<00:00, 
2208.64it/s, 
Materializing param=bert.e
ncoder.layer.4.output.dens
e.weight]
Loading weights:  
43%|####2     | 86/201 
[00:00<00:00, 
2204.52it/s, 
Materializing param=bert.e
ncoder.layer.5.attention.o
utput.LayerNorm.bias]
Loading weights:  
43%|####2     | 86/201 
[00:00<00:00, 
2204.52it/s, 
Materializing param=bert.e
ncoder.layer.5.attention.o
utput.LayerNorm.bias]
Loading weights:  
43%|####3     | 87/201 
[00:00<00:00, 
2230.15it/s, 
Materializing param=bert.e
ncoder.layer.5.attention.o
utput.LayerNorm.weight]
Loading weights:  
43%|####3     | 87/201 
[00:00<00:00, 
2230.15it/s, 
Materializing param=bert.e
ncoder.layer.5.attention.o
utput.LayerNorm.weight]
Loading weights:  
44%|####3     | 88/201 
[00:00<00:00, 
2255.79it/s, 
Materializing param=bert.e
ncoder.layer.5.attention.o
utput.dense.bias]      
Loading weights:  
44%|####3     | 88/201 
[00:00<00:00, 
2255.79it/s, 
Materializing param=bert.e
ncoder.layer.5.attention.o
utput.dense.bias]
Loading weights:  
44%|####4     | 89/201 
[00:00<00:00, 
2222.26it/s, 
Materializing param=bert.e
ncoder.layer.5.attention.o
utput.dense.weight]
Loading weights:  
44%|####4     | 89/201 
[00:00<00:00, 
2222.26it/s, 
Materializing param=bert.e
ncoder.layer.5.attention.o
utput.dense.weight]
Loading weights:  
45%|####4     | 90/201 
[00:00<00:00, 
2247.23it/s, 
Materializing param=bert.e
ncoder.layer.5.attention.s
elf.key.bias]      
Loading weights:  
45%|####4     | 90/201 
[00:00<00:00, 
2218.07it/s, 
Materializing param=bert.e
ncoder.layer.5.attention.s
elf.key.bias]
Loading weights:  
45%|####5     | 91/201 
[00:00<00:00, 
2242.72it/s, 
Materializing param=bert.e
ncoder.layer.5.attention.s
elf.key.weight]
Loading weights:  
45%|####5     | 91/201 
[00:00<00:00, 
2242.72it/s, 
Materializing param=bert.e
ncoder.layer.5.attention.s
elf.key.weight]
Loading weights:  
46%|####5     | 92/201 
[00:00<00:00, 
2267.36it/s, 
Materializing param=bert.e
ncoder.layer.5.attention.s
elf.query.bias]
Loading weights:  
46%|####5     | 92/201 
[00:00<00:00, 
2267.36it/s, 
Materializing param=bert.e
ncoder.layer.5.attention.s
elf.query.bias]
Loading weights:  
46%|####6     | 93/201 
[00:00<00:00, 
2292.01it/s, 
Materializing param=bert.e
ncoder.layer.5.attention.s
elf.query.weight]
Loading weights:  
46%|####6     | 93/201 
[00:00<00:00, 
2292.01it/s, 
Materializing param=bert.e
ncoder.layer.5.attention.s
elf.query.weight]
Loading weights:  
47%|####6     | 94/201 
[00:00<00:00, 
2316.66it/s, 
Materializing param=bert.e
ncoder.layer.5.attention.s
elf.value.bias]  
Loading weights:  
47%|####6     | 94/201 
[00:00<00:00, 
2259.41it/s, 
Materializing param=bert.e
ncoder.layer.5.attention.s
elf.value.bias]
Loading weights:  
47%|####7     | 95/201 
[00:00<00:00, 
2283.45it/s, 
Materializing param=bert.e
ncoder.layer.5.attention.s
elf.value.weight]
Loading weights:  
47%|####7     | 95/201 
[00:00<00:00, 
2283.45it/s, 
Materializing param=bert.e
ncoder.layer.5.attention.s
elf.value.weight]
Loading weights:  
48%|####7     | 96/201 
[00:00<00:00, 
2307.48it/s, 
Materializing param=bert.e
ncoder.layer.5.intermediat
e.dense.bias]    
Loading weights:  
48%|####7     | 96/201 
[00:00<00:00, 
2307.48it/s, 
Materializing param=bert.e
ncoder.layer.5.intermediat
e.dense.bias]
Loading weights:  
48%|####8     | 97/201 
[00:00<00:00, 
2297.82it/s, 
Materializing param=bert.e
ncoder.layer.5.intermediat
e.dense.weight]
Loading weights:  
48%|####8     | 97/201 
[00:00<00:00, 
2297.82it/s, 
Materializing param=bert.e
ncoder.layer.5.intermediat
e.dense.weight]
Loading weights:  
49%|####8     | 98/201 
[00:00<00:00, 
2321.51it/s, 
Materializing param=bert.e
ncoder.layer.5.output.Laye
rNorm.bias]    
Loading weights:  
49%|####8     | 98/201 
[00:00<00:00, 
2321.51it/s, 
Materializing param=bert.e
ncoder.layer.5.output.Laye
rNorm.bias]
Loading weights:  
49%|####9     | 99/201 
[00:00<00:00, 
2345.20it/s, 
Materializing param=bert.e
ncoder.layer.5.output.Laye
rNorm.weight]
Loading weights:  
49%|####9     | 99/201 
[00:00<00:00, 
2314.14it/s, 
Materializing param=bert.e
ncoder.layer.5.output.Laye
rNorm.weight]
Loading weights:  
50%|####9     | 100/201 
[00:00<00:00, 
2337.52it/s, 
Materializing param=bert.e
ncoder.layer.5.output.dens
e.bias]     
Loading weights:  
50%|####9     | 100/201 
[00:00<00:00, 
2337.52it/s, 
Materializing param=bert.e
ncoder.layer.5.output.dens
e.bias]
Loading weights:  
50%|#####     | 101/201 
[00:00<00:00, 
2360.89it/s, 
Materializing param=bert.e
ncoder.layer.5.output.dens
e.weight]
Loading weights:  
50%|#####     | 101/201 
[00:00<00:00, 
2332.17it/s, 
Materializing param=bert.e
ncoder.layer.5.output.dens
e.weight]
Loading weights:  
51%|#####     | 102/201 
[00:00<00:00, 
2355.26it/s, 
Materializing param=bert.e
ncoder.layer.6.attention.o
utput.LayerNorm.bias]
Loading weights:  
51%|#####     | 102/201 
[00:00<00:00, 
2355.26it/s, 
Materializing param=bert.e
ncoder.layer.6.attention.o
utput.LayerNorm.bias]
Loading weights:  
51%|#####1    | 103/201 
[00:00<00:00, 
2378.35it/s, 
Materializing param=bert.e
ncoder.layer.6.attention.o
utput.LayerNorm.weight]
Loading weights:  
51%|#####1    | 103/201 
[00:00<00:00, 
2378.35it/s, 
Materializing param=bert.e
ncoder.layer.6.attention.o
utput.LayerNorm.weight]
Loading weights:  
52%|#####1    | 104/201 
[00:00<00:00, 
2401.44it/s, 
Materializing param=bert.e
ncoder.layer.6.attention.o
utput.dense.bias]      
Loading weights:  
52%|#####1    | 104/201 
[00:00<00:00, 
2401.44it/s, 
Materializing param=bert.e
ncoder.layer.6.attention.o
utput.dense.bias]
Loading weights:  
52%|#####2    | 105/201 
[00:00<00:00, 
2424.53it/s, 
Materializing param=bert.e
ncoder.layer.6.attention.o
utput.dense.weight]
Loading weights:  
52%|#####2    | 105/201 
[00:00<00:00, 
2366.26it/s, 
Materializing param=bert.e
ncoder.layer.6.attention.o
utput.dense.weight]
Loading weights:  
53%|#####2    | 106/201 
[00:00<00:00, 
2388.80it/s, 
Materializing param=bert.e
ncoder.layer.6.attention.s
elf.key.bias]      
Loading weights:  
53%|#####2    | 106/201 
[00:00<00:00, 
2388.80it/s, 
Materializing param=bert.e
ncoder.layer.6.attention.s
elf.key.bias]
Loading weights:  
53%|#####3    | 107/201 
[00:00<00:00, 
2411.34it/s, 
Materializing param=bert.e
ncoder.layer.6.attention.s
elf.key.weight]
Loading weights:  
53%|#####3    | 107/201 
[00:00<00:00, 
2372.76it/s, 
Materializing param=bert.e
ncoder.layer.6.attention.s
elf.key.weight]
Loading weights:  
54%|#####3    | 108/201 
[00:00<00:00, 
2394.93it/s, 
Materializing param=bert.e
ncoder.layer.6.attention.s
elf.query.bias]
Loading weights:  
54%|#####3    | 108/201 
[00:00<00:00, 
2367.30it/s, 
Materializing param=bert.e
ncoder.layer.6.attention.s
elf.query.bias]
Loading weights:  
54%|#####4    | 109/201 
[00:00<00:00, 
2389.22it/s, 
Materializing param=bert.e
ncoder.layer.6.attention.s
elf.query.weight]
Loading weights:  
54%|#####4    | 109/201 
[00:00<00:00, 
2389.22it/s, 
Materializing param=bert.e
ncoder.layer.6.attention.s
elf.query.weight]
Loading weights:  
55%|#####4    | 110/201 
[00:00<00:00, 
2383.56it/s, 
Materializing param=bert.e
ncoder.layer.6.attention.s
elf.value.bias]  
Loading weights:  
55%|#####4    | 110/201 
[00:00<00:00, 
2383.56it/s, 
Materializing param=bert.e
ncoder.layer.6.attention.s
elf.value.bias]
Loading weights:  
55%|#####5    | 111/201 
[00:00<00:00, 
2405.23it/s, 
Materializing param=bert.e
ncoder.layer.6.attention.s
elf.value.weight]
Loading weights:  
55%|#####5    | 111/201 
[00:00<00:00, 
2405.23it/s, 
Materializing param=bert.e
ncoder.layer.6.attention.s
elf.value.weight]
Loading weights:  
56%|#####5    | 112/201 
[00:00<00:00, 
2399.22it/s, 
Materializing param=bert.e
ncoder.layer.6.intermediat
e.dense.bias]    
Loading weights:  
56%|#####5    | 112/201 
[00:00<00:00, 
2399.22it/s, 
Materializing param=bert.e
ncoder.layer.6.intermediat
e.dense.bias]
Loading weights:  
56%|#####6    | 113/201 
[00:00<00:00, 
2420.64it/s, 
Materializing param=bert.e
ncoder.layer.6.intermediat
e.dense.weight]
Loading weights:  
56%|#####6    | 113/201 
[00:00<00:00, 
2420.64it/s, 
Materializing param=bert.e
ncoder.layer.6.intermediat
e.dense.weight]
Loading weights:  
57%|#####6    | 114/201 
[00:00<00:00, 
2414.74it/s, 
Materializing param=bert.e
ncoder.layer.6.output.Laye
rNorm.bias]    
Loading weights:  
57%|#####6    | 114/201 
[00:00<00:00, 
2414.74it/s, 
Materializing param=bert.e
ncoder.layer.6.output.Laye
rNorm.bias]
Loading weights:  
57%|#####7    | 115/201 
[00:00<00:00, 
2435.93it/s, 
Materializing param=bert.e
ncoder.layer.6.output.Laye
rNorm.weight]
Loading weights:  
57%|#####7    | 115/201 
[00:00<00:00, 
2435.93it/s, 
Materializing param=bert.e
ncoder.layer.6.output.Laye
rNorm.weight]
Loading weights:  
58%|#####7    | 116/201 
[00:00<00:00, 
2457.11it/s, 
Materializing param=bert.e
ncoder.layer.6.output.dens
e.bias]      
Loading weights:  
58%|#####7    | 116/201 
[00:00<00:00, 
2457.11it/s, 
Materializing param=bert.e
ncoder.layer.6.output.dens
e.bias]
Loading weights:  
58%|#####8    | 117/201 
[00:00<00:00, 
2424.85it/s, 
Materializing param=bert.e
ncoder.layer.6.output.dens
e.weight]
Loading weights:  
58%|#####8    | 117/201 
[00:00<00:00, 
2424.85it/s, 
Materializing param=bert.e
ncoder.layer.6.output.dens
e.weight]
Loading weights:  
59%|#####8    | 118/201 
[00:00<00:00, 
2419.12it/s, 
Materializing param=bert.e
ncoder.layer.7.attention.o
utput.LayerNorm.bias]
Loading weights:  
59%|#####8    | 118/201 
[00:00<00:00, 
2419.12it/s, 
Materializing param=bert.e
ncoder.layer.7.attention.o
utput.LayerNorm.bias]
Loading weights:  
59%|#####9    | 119/201 
[00:00<00:00, 
2439.62it/s, 
Materializing param=bert.e
ncoder.layer.7.attention.o
utput.LayerNorm.weight]
Loading weights:  
59%|#####9    | 119/201 
[00:00<00:00, 
2439.62it/s, 
Materializing param=bert.e
ncoder.layer.7.attention.o
utput.LayerNorm.weight]
Loading weights:  
60%|#####9    | 120/201 
[00:00<00:00, 
2433.89it/s, 
Materializing param=bert.e
ncoder.layer.7.attention.o
utput.dense.bias]      
Loading weights:  
60%|#####9    | 120/201 
[00:00<00:00, 
2433.89it/s, 
Materializing param=bert.e
ncoder.layer.7.attention.o
utput.dense.bias]
Loading weights:  
60%|######    | 121/201 
[00:00<00:00, 
2454.17it/s, 
Materializing param=bert.e
ncoder.layer.7.attention.o
utput.dense.weight]
Loading weights:  
60%|######    | 121/201 
[00:00<00:00, 
2454.17it/s, 
Materializing param=bert.e
ncoder.layer.7.attention.o
utput.dense.weight]
Loading weights:  
61%|######    | 122/201 
[00:00<00:00, 
2448.26it/s, 
Materializing param=bert.e
ncoder.layer.7.attention.s
elf.key.bias]      
Loading weights:  
61%|######    | 122/201 
[00:00<00:00, 
2448.26it/s, 
Materializing param=bert.e
ncoder.layer.7.attention.s
elf.key.bias]
Loading weights:  
61%|######1   | 123/201 
[00:00<00:00, 
2442.59it/s, 
Materializing param=bert.e
ncoder.layer.7.attention.s
elf.key.weight]
Loading weights:  
61%|######1   | 123/201 
[00:00<00:00, 
2442.59it/s, 
Materializing param=bert.e
ncoder.layer.7.attention.s
elf.key.weight]
Loading weights:  
62%|######1   | 124/201 
[00:00<00:00, 
2462.45it/s, 
Materializing param=bert.e
ncoder.layer.7.attention.s
elf.query.bias]
Loading weights:  
62%|######1   | 124/201 
[00:00<00:00, 
2462.45it/s, 
Materializing param=bert.e
ncoder.layer.7.attention.s
elf.query.bias]
Loading weights:  
62%|######2   | 125/201 
[00:00<00:00, 
2482.31it/s, 
Materializing param=bert.e
ncoder.layer.7.attention.s
elf.query.weight]
Loading weights:  
62%|######2   | 125/201 
[00:00<00:00, 
2456.50it/s, 
Materializing param=bert.e
ncoder.layer.7.attention.s
elf.query.weight]
Loading weights:  
63%|######2   | 126/201 
[00:00<00:00, 
2476.15it/s, 
Materializing param=bert.e
ncoder.layer.7.attention.s
elf.value.bias]  
Loading weights:  
63%|######2   | 126/201 
[00:00<00:00, 
2476.15it/s, 
Materializing param=bert.e
ncoder.layer.7.attention.s
elf.value.bias]
Loading weights:  
63%|######3   | 127/201 
[00:00<00:00, 
2495.80it/s, 
Materializing param=bert.e
ncoder.layer.7.attention.s
elf.value.weight]
Loading weights:  
63%|######3   | 127/201 
[00:00<00:00, 
2495.80it/s, 
Materializing param=bert.e
ncoder.layer.7.attention.s
elf.value.weight]
Loading weights:  
64%|######3   | 128/201 
[00:00<00:00, 
2515.45it/s, 
Materializing param=bert.e
ncoder.layer.7.intermediat
e.dense.bias]    
Loading weights:  
64%|######3   | 128/201 
[00:00<00:00, 
2515.45it/s, 
Materializing param=bert.e
ncoder.layer.7.intermediat
e.dense.bias]
Loading weights:  
64%|######4   | 129/201 
[00:00<00:00, 
2535.11it/s, 
Materializing param=bert.e
ncoder.layer.7.intermediat
e.dense.weight]
Loading weights:  
64%|######4   | 129/201 
[00:00<00:00, 
2484.49it/s, 
Materializing param=bert.e
ncoder.layer.7.intermediat
e.dense.weight]
Loading weights:  
65%|######4   | 130/201 
[00:00<00:00, 
2503.75it/s, 
Materializing param=bert.e
ncoder.layer.7.output.Laye
rNorm.bias]    
Loading weights:  
65%|######4   | 130/201 
[00:00<00:00, 
2503.75it/s, 
Materializing param=bert.e
ncoder.layer.7.output.Laye
rNorm.bias]
Loading weights:  
65%|######5   | 131/201 
[00:00<00:00, 
2523.01it/s, 
Materializing param=bert.e
ncoder.layer.7.output.Laye
rNorm.weight]
Loading weights:  
65%|######5   | 131/201 
[00:00<00:00, 
2523.01it/s, 
Materializing param=bert.e
ncoder.layer.7.output.Laye
rNorm.weight]
Loading weights:  
66%|######5   | 132/201 
[00:00<00:00, 
2512.13it/s, 
Materializing param=bert.e
ncoder.layer.7.output.dens
e.bias]      
Loading weights:  
66%|######5   | 132/201 
[00:00<00:00, 
2512.13it/s, 
Materializing param=bert.e
ncoder.layer.7.output.dens
e.bias]
Loading weights:  
66%|######6   | 133/201 
[00:00<00:00, 
2531.16it/s, 
Materializing param=bert.e
ncoder.layer.7.output.dens
e.weight]
Loading weights:  
66%|######6   | 133/201 
[00:00<00:00, 
2531.16it/s, 
Materializing param=bert.e
ncoder.layer.7.output.dens
e.weight]
Loading weights:  
67%|######6   | 134/201 
[00:00<00:00, 
2524.82it/s, 
Materializing param=bert.e
ncoder.layer.8.attention.o
utput.LayerNorm.bias]
Loading weights:  
67%|######6   | 134/201 
[00:00<00:00, 
2524.82it/s, 
Materializing param=bert.e
ncoder.layer.8.attention.o
utput.LayerNorm.bias]
Loading weights:  
67%|######7   | 135/201 
[00:00<00:00, 
2543.66it/s, 
Materializing param=bert.e
ncoder.layer.8.attention.o
utput.LayerNorm.weight]
Loading weights:  
67%|######7   | 135/201 
[00:00<00:00, 
2543.66it/s, 
Materializing param=bert.e
ncoder.layer.8.attention.o
utput.LayerNorm.weight]
Loading weights:  
68%|######7   | 136/201 
[00:00<00:00, 
2537.24it/s, 
Materializing param=bert.e
ncoder.layer.8.attention.o
utput.dense.bias]      
Loading weights:  
68%|######7   | 136/201 
[00:00<00:00, 
2537.24it/s, 
Materializing param=bert.e
ncoder.layer.8.attention.o
utput.dense.bias]
Loading weights:  
68%|######8   | 137/201 
[00:00<00:00, 
2555.90it/s, 
Materializing param=bert.e
ncoder.layer.8.attention.o
utput.dense.weight]
Loading weights:  
68%|######8   | 137/201 
[00:00<00:00, 
2555.90it/s, 
Materializing param=bert.e
ncoder.layer.8.attention.o
utput.dense.weight]
Loading weights:  
69%|######8   | 138/201 
[00:00<00:00, 
2548.06it/s, 
Materializing param=bert.e
ncoder.layer.8.attention.s
elf.key.bias]      
Loading weights:  
69%|######8   | 138/201 
[00:00<00:00, 
2548.06it/s, 
Materializing param=bert.e
ncoder.layer.8.attention.s
elf.key.bias]
Loading weights:  
69%|######9   | 139/201 
[00:00<00:00, 
2566.52it/s, 
Materializing param=bert.e
ncoder.layer.8.attention.s
elf.key.weight]
Loading weights:  
69%|######9   | 139/201 
[00:00<00:00, 
2566.52it/s, 
Materializing param=bert.e
ncoder.layer.8.attention.s
elf.key.weight]
Loading weights:  
70%|######9   | 140/201 
[00:00<00:00, 
2536.78it/s, 
Materializing param=bert.e
ncoder.layer.8.attention.s
elf.query.bias]
Loading weights:  
70%|######9   | 140/201 
[00:00<00:00, 
2536.78it/s, 
Materializing param=bert.e
ncoder.layer.8.attention.s
elf.query.bias]INFO:httpx:
HTTP Request: GET https://
huggingface.co/api/models/
ProsusAI/finbert/commits/m
ain "HTTP/1.1 200 OK"

Loading weights:  
70%|#######   | 141/201 
[00:00<00:00, 
2506.93it/s, 
Materializing param=bert.e
ncoder.layer.8.attention.s
elf.query.weight]
Loading weights:  
70%|#######   | 141/201 
[00:00<00:00, 
2457.73it/s, 
Materializing param=bert.e
ncoder.layer.8.attention.s
elf.query.weight]
Loading weights:  
71%|#######   | 142/201 
[00:00<00:00, 
2452.73it/s, 
Materializing param=bert.e
ncoder.layer.8.attention.s
elf.value.bias]  
Loading weights:  
71%|#######   | 142/201 
[00:00<00:00, 
2430.69it/s, 
Materializing param=bert.e
ncoder.layer.8.attention.s
elf.value.bias]
Loading weights:  
71%|#######1  | 143/201 
[00:00<00:00, 
2425.96it/s, 
Materializing param=bert.e
ncoder.layer.8.attention.s
elf.value.weight]
Loading weights:  
71%|#######1  | 143/201 
[00:00<00:00, 
2425.96it/s, 
Materializing param=bert.e
ncoder.layer.8.attention.s
elf.value.weight]
Loading weights:  
72%|#######1  | 144/201 
[00:00<00:00, 
2442.93it/s, 
Materializing param=bert.e
ncoder.layer.8.intermediat
e.dense.bias]    
Loading weights:  
72%|#######1  | 144/201 
[00:00<00:00, 
2421.40it/s, 
Materializing param=bert.e
ncoder.layer.8.intermediat
e.dense.bias]
Loading weights:  
72%|#######2  | 145/201 
[00:00<00:00, 
2438.22it/s, 
Materializing param=bert.e
ncoder.layer.8.intermediat
e.dense.weight]
Loading weights:  
72%|#######2  | 145/201 
[00:00<00:00, 
2438.22it/s, 
Materializing param=bert.e
ncoder.layer.8.intermediat
e.dense.weight]
Loading weights:  
73%|#######2  | 146/201 
[00:00<00:00, 
2433.58it/s, 
Materializing param=bert.e
ncoder.layer.8.output.Laye
rNorm.bias]    
Loading weights:  
73%|#######2  | 146/201 
[00:00<00:00, 
2433.58it/s, 
Materializing param=bert.e
ncoder.layer.8.output.Laye
rNorm.bias]
Loading weights:  
73%|#######3  | 147/201 
[00:00<00:00, 
2450.25it/s, 
Materializing param=bert.e
ncoder.layer.8.output.Laye
rNorm.weight]
Loading weights:  
73%|#######3  | 147/201 
[00:00<00:00, 
2450.25it/s, 
Materializing param=bert.e
ncoder.layer.8.output.Laye
rNorm.weight]
Loading weights:  
74%|#######3  | 148/201 
[00:00<00:00, 
2434.40it/s, 
Materializing param=bert.e
ncoder.layer.8.output.dens
e.bias]      
Loading weights:  
74%|#######3  | 148/201 
[00:00<00:00, 
2434.40it/s, 
Materializing param=bert.e
ncoder.layer.8.output.dens
e.bias]
Loading weights:  
74%|#######4  | 149/201 
[00:00<00:00, 
2450.85it/s, 
Materializing param=bert.e
ncoder.layer.8.output.dens
e.weight]
Loading weights:  
74%|#######4  | 149/201 
[00:00<00:00, 
2429.75it/s, 
Materializing param=bert.e
ncoder.layer.8.output.dens
e.weight]
Loading weights:  
75%|#######4  | 150/201 
[00:00<00:00, 
2446.06it/s, 
Materializing param=bert.e
ncoder.layer.9.attention.o
utput.LayerNorm.bias]
Loading weights:  
75%|#######4  | 150/201 
[00:00<00:00, 
2446.06it/s, 
Materializing param=bert.e
ncoder.layer.9.attention.o
utput.LayerNorm.bias]
Loading weights:  
75%|#######5  | 151/201 
[00:00<00:00, 
2462.36it/s, 
Materializing param=bert.e
ncoder.layer.9.attention.o
utput.LayerNorm.weight]
Loading weights:  
75%|#######5  | 151/201 
[00:00<00:00, 
2462.36it/s, 
Materializing param=bert.e
ncoder.layer.9.attention.o
utput.LayerNorm.weight]
Loading weights:  
76%|#######5  | 152/201 
[00:00<00:00, 
2457.32it/s, 
Materializing param=bert.e
ncoder.layer.9.attention.o
utput.dense.bias]      
Loading weights:  
76%|#######5  | 152/201 
[00:00<00:00, 
2457.32it/s, 
Materializing param=bert.e
ncoder.layer.9.attention.o
utput.dense.bias]
Loading weights:  
76%|#######6  | 153/201 
[00:00<00:00, 
2473.49it/s, 
Materializing param=bert.e
ncoder.layer.9.attention.o
utput.dense.weight]
Loading weights:  
76%|#######6  | 153/201 
[00:00<00:00, 
2452.52it/s, 
Materializing param=bert.e
ncoder.layer.9.attention.o
utput.dense.weight]
Loading weights:  
77%|#######6  | 154/201 
[00:00<00:00, 
2468.55it/s, 
Materializing param=bert.e
ncoder.layer.9.attention.s
elf.key.bias]      
Loading weights:  
77%|#######6  | 154/201 
[00:00<00:00, 
2468.55it/s, 
Materializing param=bert.e
ncoder.layer.9.attention.s
elf.key.bias]
Loading weights:  
77%|#######7  | 155/201 
[00:00<00:00, 
2484.58it/s, 
Materializing param=bert.e
ncoder.layer.9.attention.s
elf.key.weight]
Loading weights:  
77%|#######7  | 155/201 
[00:00<00:00, 
2463.81it/s, 
Materializing param=bert.e
ncoder.layer.9.attention.s
elf.key.weight]
Loading weights:  
78%|#######7  | 156/201 
[00:00<00:00, 
2479.70it/s, 
Materializing param=bert.e
ncoder.layer.9.attention.s
elf.query.bias]
Loading weights:  
78%|#######7  | 156/201 
[00:00<00:00, 
2479.70it/s, 
Materializing param=bert.e
ncoder.layer.9.attention.s
elf.query.bias]
Loading weights:  
78%|#######8  | 157/201 
[00:00<00:00, 
2495.60it/s, 
Materializing param=bert.e
ncoder.layer.9.attention.s
elf.query.weight]
Loading weights:  
78%|#######8  | 157/201 
[00:00<00:00, 
2495.60it/s, 
Materializing param=bert.e
ncoder.layer.9.attention.s
elf.query.weight]
Loading weights:  
79%|#######8  | 158/201 
[00:00<00:00, 
2489.15it/s, 
Materializing param=bert.e
ncoder.layer.9.attention.s
elf.value.bias]  
Loading weights:  
79%|#######8  | 158/201 
[00:00<00:00, 
2489.15it/s, 
Materializing param=bert.e
ncoder.layer.9.attention.s
elf.value.bias]
Loading weights:  
79%|#######9  | 159/201 
[00:00<00:00, 
2504.90it/s, 
Materializing param=bert.e
ncoder.layer.9.attention.s
elf.value.weight]
Loading weights:  
79%|#######9  | 159/201 
[00:00<00:00, 
2504.90it/s, 
Materializing param=bert.e
ncoder.layer.9.attention.s
elf.value.weight]
Loading weights:  
80%|#######9  | 160/201 
[00:00<00:00, 
2520.65it/s, 
Materializing param=bert.e
ncoder.layer.9.intermediat
e.dense.bias]    
Loading weights:  
80%|#######9  | 160/201 
[00:00<00:00, 
2520.65it/s, 
Materializing param=bert.e
ncoder.layer.9.intermediat
e.dense.bias]
Loading weights:  
80%|########  | 161/201 
[00:00<00:00, 
2536.41it/s, 
Materializing param=bert.e
ncoder.layer.9.intermediat
e.dense.weight]
Loading weights:  
80%|########  | 161/201 
[00:00<00:00, 
2536.41it/s, 
Materializing param=bert.e
ncoder.layer.9.intermediat
e.dense.weight]
Loading weights:  
81%|########  | 162/201 
[00:00<00:00, 
2491.72it/s, 
Materializing param=bert.e
ncoder.layer.9.output.Laye
rNorm.bias]    
Loading weights:  
81%|########  | 162/201 
[00:00<00:00, 
2491.72it/s, 
Materializing param=bert.e
ncoder.layer.9.output.Laye
rNorm.bias]
Loading weights:  
81%|########1 | 163/201 
[00:00<00:00, 
2486.81it/s, 
Materializing param=bert.e
ncoder.layer.9.output.Laye
rNorm.weight]
Loading weights:  
81%|########1 | 163/201 
[00:00<00:00, 
2486.81it/s, 
Materializing param=bert.e
ncoder.layer.9.output.Laye
rNorm.weight]
Loading weights:  
82%|########1 | 164/201 
[00:00<00:00, 
2502.07it/s, 
Materializing param=bert.e
ncoder.layer.9.output.dens
e.bias]      
Loading weights:  
82%|########1 | 164/201 
[00:00<00:00, 
2482.11it/s, 
Materializing param=bert.e
ncoder.layer.9.output.dens
e.bias]
Loading weights:  
82%|########2 | 165/201 
[00:00<00:00, 
2497.25it/s, 
Materializing param=bert.e
ncoder.layer.9.output.dens
e.weight]
Loading weights:  
82%|########2 | 165/201 
[00:00<00:00, 
2477.56it/s, 
Materializing param=bert.e
ncoder.layer.9.output.dens
e.weight]
Loading weights:  
83%|########2 | 166/201 
[00:00<00:00, 
2492.58it/s, 
Materializing param=bert.e
ncoder.layer.10.attention.
output.LayerNorm.bias]
Loading weights:  
83%|########2 | 166/201 
[00:00<00:00, 
2492.58it/s, 
Materializing param=bert.e
ncoder.layer.10.attention.
output.LayerNorm.bias]
Loading weights:  
83%|########3 | 167/201 
[00:00<00:00, 
2487.87it/s, 
Materializing param=bert.e
ncoder.layer.10.attention.
output.LayerNorm.weight]
Loading weights:  
83%|########3 | 167/201 
[00:00<00:00, 
2487.87it/s, 
Materializing param=bert.e
ncoder.layer.10.attention.
output.LayerNorm.weight]
Loading weights:  
84%|########3 | 168/201 
[00:00<00:00, 
2483.31it/s, 
Materializing param=bert.e
ncoder.layer.10.attention.
output.dense.bias]      
Loading weights:  
84%|########3 | 168/201 
[00:00<00:00, 
2483.31it/s, 
Materializing param=bert.e
ncoder.layer.10.attention.
output.dense.bias]
Loading weights:  
84%|########4 | 169/201 
[00:00<00:00, 
2498.09it/s, 
Materializing param=bert.e
ncoder.layer.10.attention.
output.dense.weight]
Loading weights:  
84%|########4 | 169/201 
[00:00<00:00, 
2498.09it/s, 
Materializing param=bert.e
ncoder.layer.10.attention.
output.dense.weight]
Loading weights:  
85%|########4 | 170/201 
[00:00<00:00, 
2475.36it/s, 
Materializing param=bert.e
ncoder.layer.10.attention.
self.key.bias]      
Loading weights:  
85%|########4 | 170/201 
[00:00<00:00, 
2475.36it/s, 
Materializing param=bert.e
ncoder.layer.10.attention.
self.key.bias]
Loading weights:  
85%|########5 | 171/201 
[00:00<00:00, 
2489.92it/s, 
Materializing param=bert.e
ncoder.layer.10.attention.
self.key.weight]
Loading weights:  
85%|########5 | 171/201 
[00:00<00:00, 
2471.00it/s, 
Materializing param=bert.e
ncoder.layer.10.attention.
self.key.weight]
Loading weights:  
86%|########5 | 172/201 
[00:00<00:00, 
2485.45it/s, 
Materializing param=bert.e
ncoder.layer.10.attention.
self.query.bias]
Loading weights:  
86%|########5 | 172/201 
[00:00<00:00, 
2485.45it/s, 
Materializing param=bert.e
ncoder.layer.10.attention.
self.query.bias]
Loading weights:  
86%|########6 | 173/201 
[00:00<00:00, 
2481.23it/s, 
Materializing param=bert.e
ncoder.layer.10.attention.
self.query.weight]
Loading weights:  
86%|########6 | 173/201 
[00:00<00:00, 
2481.23it/s, 
Materializing param=bert.e
ncoder.layer.10.attention.
self.query.weight]
Loading weights:  
87%|########6 | 174/201 
[00:00<00:00, 
2476.68it/s, 
Materializing param=bert.e
ncoder.layer.10.attention.
self.value.bias]  
Loading weights:  
87%|########6 | 174/201 
[00:00<00:00, 
2476.68it/s, 
Materializing param=bert.e
ncoder.layer.10.attention.
self.value.bias]
Loading weights:  
87%|########7 | 175/201 
[00:00<00:00, 
2490.92it/s, 
Materializing param=bert.e
ncoder.layer.10.attention.
self.value.weight]
Loading weights:  
87%|########7 | 175/201 
[00:00<00:00, 
2472.66it/s, 
Materializing param=bert.e
ncoder.layer.10.attention.
self.value.weight]
Loading weights:  
88%|########7 | 176/201 
[00:00<00:00, 
2486.79it/s, 
Materializing param=bert.e
ncoder.layer.10.intermedia
te.dense.bias]    
Loading weights:  
88%|########7 | 176/201 
[00:00<00:00, 
2486.79it/s, 
Materializing param=bert.e
ncoder.layer.10.intermedia
te.dense.bias]
Loading weights:  
88%|########8 | 177/201 
[00:00<00:00, 
2500.92it/s, 
Materializing param=bert.e
ncoder.layer.10.intermedia
te.dense.weight]
Loading weights:  
88%|########8 | 177/201 
[00:00<00:00, 
2500.92it/s, 
Materializing param=bert.e
ncoder.layer.10.intermedia
te.dense.weight]
Loading weights:  
89%|########8 | 178/201 
[00:00<00:00, 
2479.45it/s, 
Materializing param=bert.e
ncoder.layer.10.output.Lay
erNorm.bias]    
Loading weights:  
89%|########8 | 178/201 
[00:00<00:00, 
2479.45it/s, 
Materializing param=bert.e
ncoder.layer.10.output.Lay
erNorm.bias]
Loading weights:  
89%|########9 | 179/201 
[00:00<00:00, 
2475.49it/s, 
Materializing param=bert.e
ncoder.layer.10.output.Lay
erNorm.weight]
Loading weights:  
89%|########9 | 179/201 
[00:00<00:00, 
2475.49it/s, 
Materializing param=bert.e
ncoder.layer.10.output.Lay
erNorm.weight]
Loading weights:  
90%|########9 | 180/201 
[00:00<00:00, 
2471.06it/s, 
Materializing param=bert.e
ncoder.layer.10.output.den
se.bias]      
Loading weights:  
90%|########9 | 180/201 
[00:00<00:00, 
2471.06it/s, 
Materializing param=bert.e
ncoder.layer.10.output.den
se.bias]
Loading weights:  
90%|######### | 181/201 
[00:00<00:00, 
2484.79it/s, 
Materializing param=bert.e
ncoder.layer.10.output.den
se.weight]
Loading weights:  
90%|######### | 181/201 
[00:00<00:00, 
2484.79it/s, 
Materializing param=bert.e
ncoder.layer.10.output.den
se.weight]
Loading weights:  
91%|######### | 182/201 
[00:00<00:00, 
2498.51it/s, 
Materializing param=bert.e
ncoder.layer.11.attention.
output.LayerNorm.bias]
Loading weights:  
91%|######### | 182/201 
[00:00<00:00, 
2463.50it/s, 
Materializing param=bert.e
ncoder.layer.11.attention.
output.LayerNorm.bias]
Loading weights:  
91%|#########1| 183/201 
[00:00<00:00, 
2477.04it/s, 
Materializing param=bert.e
ncoder.layer.11.attention.
output.LayerNorm.weight]
Loading weights:  
91%|#########1| 183/201 
[00:00<00:00, 
2477.04it/s, 
Materializing param=bert.e
ncoder.layer.11.attention.
output.LayerNorm.weight]
Loading weights:  
92%|#########1| 184/201 
[00:00<00:00, 
2469.64it/s, 
Materializing param=bert.e
ncoder.layer.11.attention.
output.dense.bias]      
Loading weights:  
92%|#########1| 184/201 
[00:00<00:00, 
2469.64it/s, 
Materializing param=bert.e
ncoder.layer.11.attention.
output.dense.bias]
Loading weights:  
92%|#########2| 185/201 
[00:00<00:00, 
2465.59it/s, 
Materializing param=bert.e
ncoder.layer.11.attention.
output.dense.weight]
Loading weights:  
92%|#########2| 185/201 
[00:00<00:00, 
2465.59it/s, 
Materializing param=bert.e
ncoder.layer.11.attention.
output.dense.weight]
Loading weights:  
93%|#########2| 186/201 
[00:00<00:00, 
2478.92it/s, 
Materializing param=bert.e
ncoder.layer.11.attention.
self.key.bias]      
Loading weights:  
93%|#########2| 186/201 
[00:00<00:00, 
2478.92it/s, 
Materializing param=bert.e
ncoder.layer.11.attention.
self.key.bias]
Loading weights:  
93%|#########3| 187/201 
[00:00<00:00, 
2492.25it/s, 
Materializing param=bert.e
ncoder.layer.11.attention.
self.key.weight]
Loading weights:  
93%|#########3| 187/201 
[00:00<00:00, 
2458.74it/s, 
Materializing param=bert.e
ncoder.layer.11.attention.
self.key.weight]
Loading weights:  
94%|#########3| 188/201 
[00:00<00:00, 
2471.89it/s, 
Materializing param=bert.e
ncoder.layer.11.attention.
self.query.bias]
Loading weights:  
94%|#########3| 188/201 
[00:00<00:00, 
2471.89it/s, 
Materializing param=bert.e
ncoder.layer.11.attention.
self.query.bias]
Loading weights:  
94%|#########4| 189/201 
[00:00<00:00, 
2464.38it/s, 
Materializing param=bert.e
ncoder.layer.11.attention.
self.query.weight]
Loading weights:  
94%|#########4| 189/201 
[00:00<00:00, 
2454.74it/s, 
Materializing param=bert.e
ncoder.layer.11.attention.
self.query.weight]
Loading weights:  
95%|#########4| 190/201 
[00:00<00:00, 
2467.73it/s, 
Materializing param=bert.e
ncoder.layer.11.attention.
self.value.bias]  
Loading weights:  
95%|#########4| 190/201 
[00:00<00:00, 
2467.73it/s, 
Materializing param=bert.e
ncoder.layer.11.attention.
self.value.bias]
Loading weights:  
95%|#########5| 191/201 
[00:00<00:00, 
2463.16it/s, 
Materializing param=bert.e
ncoder.layer.11.attention.
self.value.weight]
Loading weights:  
95%|#########5| 191/201 
[00:00<00:00, 
2463.16it/s, 
Materializing param=bert.e
ncoder.layer.11.attention.
self.value.weight]
Loading weights:  
96%|#########5| 192/201 
[00:00<00:00, 
2459.28it/s, 
Materializing param=bert.e
ncoder.layer.11.intermedia
te.dense.bias]    
Loading weights:  
96%|#########5| 192/201 
[00:00<00:00, 
2459.28it/s, 
Materializing param=bert.e
ncoder.layer.11.intermedia
te.dense.bias]
Loading weights:  
96%|#########6| 193/201 
[00:00<00:00, 
2472.09it/s, 
Materializing param=bert.e
ncoder.layer.11.intermedia
te.dense.weight]
Loading weights:  
96%|#########6| 193/201 
[00:00<00:00, 
2455.47it/s, 
Materializing param=bert.e
ncoder.layer.11.intermedia
te.dense.weight]
Loading weights:  
97%|#########6| 194/201 
[00:00<00:00, 
2468.20it/s, 
Materializing param=bert.e
ncoder.layer.11.output.Lay
erNorm.bias]    
Loading weights:  
97%|#########6| 194/201 
[00:00<00:00, 
2468.20it/s, 
Materializing param=bert.e
ncoder.layer.11.output.Lay
erNorm.bias]
Loading weights:  
97%|#########7| 195/201 
[00:00<00:00, 
2464.33it/s, 
Materializing param=bert.e
ncoder.layer.11.output.Lay
erNorm.weight]
Loading weights:  
97%|#########7| 195/201 
[00:00<00:00, 
2464.33it/s, 
Materializing param=bert.e
ncoder.layer.11.output.Lay
erNorm.weight]
Loading weights:  
98%|#########7| 196/201 
[00:00<00:00, 
2476.97it/s, 
Materializing param=bert.e
ncoder.layer.11.output.den
se.bias]      
Loading weights:  
98%|#########7| 196/201 
[00:00<00:00, 
2460.32it/s, 
Materializing param=bert.e
ncoder.layer.11.output.den
se.bias]
Loading weights:  
98%|#########8| 197/201 
[00:00<00:00, 
2472.87it/s, 
Materializing param=bert.e
ncoder.layer.11.output.den
se.weight]
Loading weights:  
98%|#########8| 197/201 
[00:00<00:00, 
2472.87it/s, 
Materializing param=bert.e
ncoder.layer.11.output.den
se.weight]
Loading weights:  
99%|#########8| 198/201 
[00:00<00:00, 
2466.18it/s, 
Materializing param=bert.p
ooler.dense.bias]         
          
Loading weights:  
99%|#########8| 198/201 
[00:00<00:00, 
2466.18it/s, 
Materializing param=bert.p
ooler.dense.bias]
Loading weights:  
99%|#########9| 199/201 
[00:00<00:00, 
2478.63it/s, 
Materializing param=bert.p
ooler.dense.weight]
Loading weights:  
99%|#########9| 199/201 
[00:00<00:00, 
2463.84it/s, 
Materializing param=bert.p
ooler.dense.weight]
Loading weights: 
100%|#########9| 200/201 
[00:00<00:00, 
2476.22it/s, 
Materializing 
param=classifier.bias]    
     
Loading weights: 
100%|#########9| 200/201 
[00:00<00:00, 
2476.22it/s, 
Materializing 
param=classifier.bias]
Loading weights: 
100%|##########| 201/201 
[00:00<00:00, 
2488.60it/s, 
Materializing 
param=classifier.weight]
Loading weights: 
100%|##########| 201/201 
[00:00<00:00, 
2488.60it/s, 
Materializing 
param=classifier.weight]
Loading weights: 
100%|##########| 201/201 
[00:00<00:00, 
2467.30it/s, 
Materializing 
param=classifier.weight]
[1mBertForSequenceClassif
ication LOAD REPORT[0m 
from: ProsusAI/finbert
Key                       
   | Status     |  | 
--------------------------
---+------------+--+-
bert.embeddings.position_i
ds | UNEXPECTED |  | 

[3mNotes:
- UNEXPECTED[3m	:can be 
ignored when loading from 
different 
task/architecture; not ok 
if you expect identical 
arch.[0m
INFO:httpx:HTTP Request: 
GET https://huggingface.co
/api/models/ProsusAI/finbe
rt/discussions?p=0 
"HTTP/1.1 200 OK"
INFO:httpx:HTTP Request: 
GET https://huggingface.co
/api/models/ProsusAI/finbe
rt/tree/main/additional_ch
at_templates?recursive=fal
se&expand=false "HTTP/1.1 
404 Not Found"
INFO:httpx:HTTP Request: 
GET https://huggingface.co
/api/models/ProsusAI/finbe
rt/commits/refs%2Fpr%2F29 
"HTTP/1.1 200 OK"
INFO:httpx:HTTP Request: 
GET https://huggingface.co
/api/models/ProsusAI/finbe
rt/tree/main?recursive=tru
e&expand=false "HTTP/1.1 
200 OK"
INFO:sentiment:Loaded 
FinBERT sentiment model.
INFO:httpx:HTTP Request: 
GET http://testserver/api/
settings "HTTP/1.1 200 OK"
INFO:httpx:HTTP Request: 
GET http://testserver/api/
score?mode=test "HTTP/1.1 
404 Not Found"
INFO:httpx:HTTP Request: 
GET http://testserver/api/
history?mode=test 
"HTTP/1.1 200 OK"
INFO:app:Analyzing 51 
texts from 'Sample 
Tweets'...
INFO:httpx:HTTP Request: 
HEAD https://huggingface.c
o/ProsusAI/finbert/resolve
/refs%2Fpr%2F29/model.safe
tensors.index.json 
"HTTP/1.1 404 Not Found"
INFO:httpx:HTTP Request: 
HEAD https://huggingface.c
o/ProsusAI/finbert/resolve
/refs%2Fpr%2F29/model.safe
tensors "HTTP/1.1 302 
Found"
INFO:app:Analyzed 51 
texts via finbert.
INFO:app:Vibe score: 
49.55 (Neutral)
INFO:httpx:HTTP Request: 
POST http://testserver/api
/analyze "HTTP/1.1 200 OK"
  GET /api/settings => 200 {"neynar_configured":true,"available_modes":["test","live"],"test_datasets":{"sa
  GET /api/score?mode=test => 404 {"error":"No analysis has been run yet for 'test' mode."}
  GET /api/history?mode=test => 200 {"history":[],"mode":"test"}
  POST /api/analyze => 200 {"message":"Analysis complete.","score":49.55,"classification":"Neutral","timest
